// Jest Snapshot v1, https://goo.gl/fbAQLP

exports[`match snapshot 1`] = `
<div
  className="mb-6"
>
  <p
    className="text-sm text-gray-600"
  >
    .
    text-base font-normal leading-normal tracking-normal
  </p>
  <p
    className="text-base font-normal leading-normal tracking-normal"
  >
    The quick brown fox jumps over the lazy dog
  </p>
</div>
`;
